// Copyright 2026 Aleksandr Bocharov
// Distributed under the Boost Software License, Version 1.0.
// See accompanying file LICENSE_1_0.txt
// or copy at http://www.boost.org/LICENSE_1_0.txt
// 2026-09-18
// https://github.com/Aleksandr3Bocharov/refalabeinsteinpuzzle

//====================================================================
// Модуль "Solver"
//====================================================================

$START Solver;

$ENTRY Answer, Solve;
$ENTRY Steps, Steps_Back, Home;
$ENTRY Color, Yellow, Blue, Red, Green, White;
$ENTRY Nationality, Norwegian, Dane, Englishman, German, Swede;
$ENTRY Cigarettes, Dunhill, Rothmans, PallMall, Marlboro, Winfield;
$ENTRY Pet, Cat, Horse, Bird, Dog, Fish;
$ENTRY Drink, Water, Tea, Milk, Coffee, Beer;
$EXTERN P1, MinW, LengthW, Br, Dg;
$EMPTY Impossible, Left, Member, Nextto, Rule_Tables, Rule_Tables_Temp;
$EMPTY Steps, Steps_Back, Home;
$EMPTY Color, Yellow, Blue, Red, Green, White;
$EMPTY Nationality, Norwegian, Dane, Englishman, German, Swede;
$EMPTY Cigarettes, Dunhill, Rothmans, PallMall, Marlboro, Winfield;
$EMPTY Pet, Cat, Horse, Bird, Dog, Fish;
$EMPTY Drink, Water, Tea, Milk, Coffee, Beer;

/*
    <Answer v.Table> == s.Nationality

    v.Table ::= (v.Home1) (v.Home2) (v.Home3) (v.Home4) (v.Home5)
    v.Home1 ::= Home 1 Color s.Color Nationality s.Nationality Cigarettes s.Cigarettes Pet s.Pet Drink s.Drink
    v.Home2 ::= Home 2 Color s.Color Nationality s.Nationality Cigarettes s.Cigarettes Pet s.Pet Drink s.Drink
    v.Home3 ::= Home 3 Color s.Color Nationality s.Nationality Cigarettes s.Cigarettes Pet s.Pet Drink s.Drink
    v.Home4 ::= Home 4 Color s.Color Nationality s.Nationality Cigarettes s.Cigarettes Pet s.Pet Drink s.Drink
    v.Home5 ::= Home 5 Color s.Color Nationality s.Nationality Cigarettes s.Cigarettes Pet s.Pet Drink s.Drink
    s.Color ::= Yellow | Blue | Red | Green | White
    s.Nationality ::= Norwegian | Dane | Englishman | German | Swede
    s.Cigarettes ::= Dunhill | Rothmans | PallMall | Marlboro | Winfield
    s.Pet ::= Cat | Horse | Bird | Dog | Fish
    s.Drink ::= Water | Tea | Milk | Coffee | Beer
*/
$FUNC Answer
{
    e.Table_B (e.Home_B Nationality s.Nationality e.Home_M Fish e.Home_E) e.Table_E = s.Nationality;
}

/*
    <Solve v.Solve> == v.Solve'

    v.Solve ::= (s(0..15).Rule (e(1..15).Rule) (v.Table)* '=' v.Extented)+
    v.Extented ::= v.Table | Impossible
    v.Table ::= (v.Home1) (v.Home2) (v.Home3) (v.Home4) (v.Home5)
    v.Home1 ::= Home 1 Color v.Color Nationality v.Nationality Cigarettes v.Cigarettes Pet v.Pet Drink v.Drink
    v.Home2 ::= Home 2 Color v.Color Nationality v.Nationality Cigarettes v.Cigarettes Pet v.Pet Drink v.Drink
    v.Home3 ::= Home 3 Color v.Color Nationality v.Nationality Cigarettes v.Cigarettes Pet v.Pet Drink v.Drink
    v.Home4 ::= Home 4 Color v.Color Nationality v.Nationality Cigarettes v.Cigarettes Pet v.Pet Drink v.Drink
    v.Home5 ::= Home 5 Color v.Color Nationality v.Nationality Cigarettes v.Cigarettes Pet v.Pet Drink v.Drink
    v.Color ::= s.Color | '???'
    v.Nationality ::= s.Nationality | '???'
    v.Cigarettes ::= s.Cigarettes | '???'
    v.Pet ::= Cat | Horse | Bird | Dog | '???'
    v.Drink ::= s.Drink | '???'
    v.Solve' ::= (s(0..15).Rule (e(1..15).Rule) (v.Table)* '=' v.Extented)+ (16 '=' v.Table')
    v.Table' ::= (v.Home1') (v.Home2') (v.Home3') (v.Home4') (v.Home5')
    v.Home1' ::= Home 1 Color s.Color Nationality s.Nationality Cigarettes s.Cigarettes Pet s.Pet Drink s.Drink
    v.Home2' ::= Home 2 Color s.Color Nationality s.Nationality Cigarettes s.Cigarettes Pet s.Pet Drink s.Drink
    v.Home3' ::= Home 3 Color s.Color Nationality s.Nationality Cigarettes s.Cigarettes Pet s.Pet Drink s.Drink
    v.Home4' ::= Home 4 Color s.Color Nationality s.Nationality Cigarettes s.Cigarettes Pet s.Pet Drink s.Drink
    v.Home5' ::= Home 5 Color s.Color Nationality s.Nationality Cigarettes s.Cigarettes Pet s.Pet Drink s.Drink
    s.Color ::= Yellow | Blue | Red | Green | White
    s.Nationality ::= Norwegian | Dane | Englishman | German | Swede
    s.Cigarettes ::= Dunhill | Rothmans | PallMall | Marlboro | Winfield
    s.Pet ::= Cat | Horse | Bird | Dog | Fish
    s.Drink ::= Water | Tea | Milk | Coffee | Beer
*/
$FUNC Solve
{
// Возврат к предыдущему правилу
    e.Solve_B (e._ '=' e.Table) (s.Rule w.Rest_Rules '=' Impossible) =
        <Br Steps_Back '=' <P1 <Dg Steps_Back>>>
        <Solve e.Solve_B (e._ '=' Impossible)>;
// Переход к следующему применению правила
    e.Solve_B (s.Rule w.Rest_Rules (e.Table) e.Tables '=' Impossible) = 
        <Br Steps '=' <P1 <Dg Steps>>>
        <Br Steps_Back '=' <P1 <Dg Steps_Back>>>
        <Solve e.Solve_B (s.Rule w.Rest_Rules e.Tables '=' e.Table)>;
// Решение найдено
    e.Solve_B (s.Rule () e.Tables '=' e.Table) =
        <Br Steps '=' <P1 <Dg Steps>>>
        <Br Steps_Back '=' <P1 <Dg Steps_Back>>> 
        e.Solve_B (s.Rule () e.Tables '=' e.Table) (16 '=' <Apply_Rule <Rule 16> e.Table>);
// Переход к следующему правилу  
    e.Solve_B (s.Rule w.Rest_Rules e.Tables '=' e.Table) = <Solve_Aux1 e.Solve_B (s.Rule w.Rest_Rules e.Tables '=' e.Table) <Find_Min_Rule w.Rest_Rules e.Table>>;
}

$FUNC Solve_Aux1
{
    e.Solve_B (e._ '=' e.Table) s.Min =
        <Apply_Rule <Rule s.Min> e.Table>
        <Solve_Aux2 e.Solve_B (e._ '=' e.Table) s.Min <Dg Rule_Tables>>; 
}

$FUNC Solve_Aux2
{
    e.Solve_B (s.Rule (e.Rules_B s.Min e.Rules_E) e.Tables '=' e.Table) s.Min (e.Next_Table) e.Rest_Tables =
        <Br Steps '=' <P1 <Dg Steps>>> 
        <Br Steps_Back '=' <P1 <Dg Steps_Back>>>
        <Solve e.Solve_B (s.Rule (e.Rules_B s.Min e.Rules_E) e.Tables '=' e.Table) (s.Min (e.Rules_B e.Rules_E) e.Rest_Tables '=' e.Next_Table)>;
    e.Solve_B (e._ '=' e.Table) s.Min = <Solve e.Solve_B (e._ '=' Impossible)>;
}

/*
    <Find_Min_Rule (v(1..15).Rule) v.Table> == s(1..15).Min

    v.Table ::= (v.Home1) (v.Home2) (v.Home3) (v.Home4) (v.Home5)
    v.Home1 ::= Home 1 Color v.Color Nationality v.Nationality Cigarettes v.Cigarettes Pet v.Pet Drink v.Drink
    v.Home2 ::= Home 2 Color v.Color Nationality v.Nationality Cigarettes v.Cigarettes Pet v.Pet Drink v.Drink
    v.Home3 ::= Home 3 Color v.Color Nationality v.Nationality Cigarettes v.Cigarettes Pet v.Pet Drink v.Drink
    v.Home4 ::= Home 4 Color v.Color Nationality v.Nationality Cigarettes v.Cigarettes Pet v.Pet Drink v.Drink
    v.Home5 ::= Home 5 Color v.Color Nationality v.Nationality Cigarettes v.Cigarettes Pet v.Pet Drink v.Drink
    v.Color ::= Yellow | Blue | Red | Green | White | '???'
    v.Nationality ::= Norwegian | Dane | Englishman | German | Swede | '???'
    v.Cigarettes ::= Dunhill | Rothmans | PallMall | Marlboro | Winfield | '???'
    v.Pet ::= Cat | Horse | Bird | Dog | '???'
    v.Drink ::= Water | Tea | Milk | Coffee | Beer | '???'
*/
$FUNC Find_Min_Rule
{
    (s.Min) e._ = s.Min;
    (s.Min e.Rest_Rules) e.Table =
        <Apply_Rule <Rule s.Min> e.Table> 
        <Find_Min_Rule_Aux (<LengthW <Dg Rule_Tables>> s.Min) (e.Rest_Rules) e.Table>;
}

$FUNC Find_Min_Rule_Aux
{
    (0 s.Min) e._ = s.Min;
    (e._ s.Min) () e.Table = s.Min;
    (s.Len e._ s.Min) (s.Rule e.Rest_Rules) e.Table =
        <Apply_Rule <Rule s.Rule> e.Table>
        <Find_Min_Rule_Aux <Min_Rule s.Len s.Min <LengthW <Dg Rule_Tables>> s.Rule> (e.Rest_Rules) e.Table>;
}

$FUNC Min_Rule
{
    s.Len s.Min s.New_Len e._ s.Rule = <MinW (s.Len s.Min) (s.New_Len s.Rule)>;
}

/*
    <Rule s(1..16).Rule> == s(Member Left Nextto).Predicate v.Object v.Object | Fish

    v.Object ::= Home s(1 3).Home | Color s.Color | Nationality s.Nationality | Cigarettes s.Cigarettes | Pet s.Pet | Drink s.Drink 
    s.Color ::= Yellow | Blue | Red | Green | White
    s.Nationality ::= Norwegian | Dane | Englishman | German | Swede
    s.Cigarettes ::= Dunhill | Rothmans | PallMall | Marlboro | Winfield
    s.Pet ::= Cat | Horse | Bird | Dog
    s.Drink ::= Water | Tea | Milk | Coffee | Beer
*/
$FUNC Rule
{
// 1. Англичанин живет в красном доме.
    1   = Member Color Red Nationality Englishman;
// 2. У шведа есть собака. 
    2   = Member Nationality Swede Pet Dog;
// 3. Датчанин пьет чай.
    3   = Member Nationality Dane Drink Tea;
// 4. Зеленый дом стоит слева от белого. 
    4   = Left Color Green Color White;
// 5. Обитатель зеленого дома пьет кофе. 
    5   = Member Color Green Drink Coffee;
// 6. Человек, который курит Pall Mall, держит птицу. 
    6   = Member Cigarettes PallMall Pet Bird;
// 7. Обитатель среднего дома пьет молоко. 
    7   = Member Home 3 Drink Milk;
// 8. Обитатель желтого дома курит Dunhill. 
    8   = Member Color Yellow Cigarettes Dunhill;
// 9. Норвежец живет в первом доме. 
    9   = Member Home 1 Nationality Norwegian;
// 10. Курильщик Marlboro живет возле того, у кого есть кошка. 
    10  = Nextto Cigarettes Marlboro Pet Cat;
// 11. Человек, у которого есть конь, живет возле того, кто курит Dunhill. 
    11  = Nextto Pet Horse Cigarettes Dunhill;
// 12. Курильщик Winfield пьет пиво. 
    12  = Member Cigarettes Winfield Drink Beer;
// 13. Норвежец живет возле голубого дома. 
    13  = Nextto Nationality Norwegian Color Blue;
// 14. Немец курит Rothmans. 
    14  = Member Nationality German Cigarettes Rothmans;
// 15. Курильщик Marlboro живет по соседству с человеком, который пьет воду. 
    15  = Nextto Cigarettes Marlboro Drink Water;
// 16. Рыба - пятое животное.
    16  = Fish;
}

/*
    <Apply_Rule v.Rule v.Table> == | v.Table'

    v.Rule ::= s(Member Left Nextto).Predicate v.Object v.Object | Fish
    v.Object ::= Home s(1 3).Home | Color s.Color | Nationality s.Nationality | Cigarettes s.Cigarettes | Pet s.Pet | Drink s.Drink 
    s.Color ::= Yellow | Blue | Red | Green | White
    s.Nationality ::= Norwegian | Dane | Englishman | German | Swede
    s.Cigarettes ::= Dunhill | Rothmans | PallMall | Marlboro | Winfield
    s.Pet ::= Cat | Horse | Bird | Dog
    s.Drink ::= Water | Tea | Milk | Coffee | Beer
    v.Table ::= (v.Home1) (v.Home2) (v.Home3) (v.Home4) (v.Home5)
    v.Home1 ::= Home 1 Color v.Color Nationality v.Nationality Cigarettes v.Cigarettes Pet v.Pet Drink v.Drink
    v.Home2 ::= Home 2 Color v.Color Nationality v.Nationality Cigarettes v.Cigarettes Pet v.Pet Drink v.Drink
    v.Home3 ::= Home 3 Color v.Color Nationality v.Nationality Cigarettes v.Cigarettes Pet v.Pet Drink v.Drink
    v.Home4 ::= Home 4 Color v.Color Nationality v.Nationality Cigarettes v.Cigarettes Pet v.Pet Drink v.Drink
    v.Home5 ::= Home 5 Color v.Color Nationality v.Nationality Cigarettes v.Cigarettes Pet v.Pet Drink v.Drink
    v.Color ::= s.Color | '???'
    v.Nationality ::= s.Nationality | '???'
    v.Cigarettes ::= s.Cigarettes | '???'
    v.Pet ::= s.Pet | '???'
    v.Drink ::= s.Drink | '???'
    v.Table' ::= (v.Home1') (v.Home2') (v.Home3') (v.Home4') (v.Home5')
    v.Home1' ::= Home 1 Color s.Color Nationality s.Nationality Cigarettes s.Cigarettes Pet s.Pet' Drink s.Drink
    v.Home2' ::= Home 2 Color s.Color Nationality s.Nationality Cigarettes s.Cigarettes Pet s.Pet' Drink s.Drink
    v.Home3' ::= Home 3 Color s.Color Nationality s.Nationality Cigarettes s.Cigarettes Pet s.Pet' Drink s.Drink
    v.Home4' ::= Home 4 Color s.Color Nationality s.Nationality Cigarettes s.Cigarettes Pet s.Pet' Drink s.Drink
    v.Home5' ::= Home 5 Color s.Color Nationality s.Nationality Cigarettes s.Cigarettes Pet s.Pet' Drink s.Drink
    s.Pet' ::= s.Pet | Fish
*/
$FUNC Apply_Rule
{
// Member - 2 объекта в одном доме
    Member s.Category1 s.Object1 s.Category2 s.Object2 e.Table_B (e.Home_B s.Object1 e.Home_M s.Category2 '???' e.Home_E) e.Table_E =
        <Br Rule_Tables '=' (e.Table_B (e.Home_B s.Object1 e.Home_M s.Category2 s.Object2 e.Home_E) e.Table_E)>;
    Member s.Category1 s.Object1 e._ (e.Home_B s.Object1 e.Home_E) e.Table_E = ;
    Member s.Category1 s.Object1 s.Category2 s.Object2 e.Table_B (e.Home_B s.Category1 '???' e.Home_M s.Object2 e.Home_E) e.Table_E =
        <Br Rule_Tables '=' (e.Table_B (e.Home_B s.Category1 s.Object1 e.Home_M s.Object2 e.Home_E) e.Table_E)>;
    Member s.Category1 s.Object1 s.Category2 s.Object2 e.Table_B (e.Home_B s.Object2 e.Home_E) e.Table_E = ;
    Member e._ = <Apply_Rule_None Member e._ ()>;
// Left - 1 объект в доме слева дома 2 объекта
    Left s.Category1 s.Object1 s.Category2 s.Object2 e.Table_B (e.HomeL_B s.Object1 e.HomeL_E) (e.HomeR_B s.Category2 '???' e.HomeR_E) e.Table_E =
        <Br Rule_Tables '=' (e.Table_B (e.HomeL_B s.Object1 e.HomeL_E) (e.HomeR_B s.Category2 s.Object2 e.HomeR_E) e.Table_E)>;
    Left s.Category1 s.Object1 e._ (e.HomeL_B s.Object1 e.HomeL_E) e.Table_E = ;
    Left s.Category1 s.Object1 s.Category2 s.Object2 e.Table_B (e.HomeL_B s.Category1 '???' e.HomeL_E) (e.HomeR_B s.Object2 e.HomeR_E) e.Table_E =
        <Br Rule_Tables '=' (e.Table_B (e.HomeL_B s.Category1 s.Object1 e.HomeL_E) (e.HomeR_B s.Object2 e.HomeR_E) e.Table_E)>;
    Left s.Category1 s.Object1 s.Category2 s.Object2 e.Table_B (e.HomeR_B s.Object2 e.HomeR_E) e.Table_E = ;
    Left e._ = <Apply_Rule_None Left e._ ()>;
// Nextto - 2 объекта в соседних домах
    Nextto s.Category1 s.Object1 s.Category2 s.Object2 e.Table =
        <Apply_Rule Left s.Category1 s.Object1 s.Category2 s.Object2 e.Table>
        <Br Rule_Tables_Temp '=' <Dg Rule_Tables>>
        <Apply_Rule Left s.Category2 s.Object2 s.Category1 s.Object1 e.Table>
        <Br Rule_Tables '=' <Dg Rule_Tables_Temp> <Dg Rule_Tables>>;
// Fish - рыба - пятое животное 
    Fish e.Table_B (e.Home_B Pet '???' e.Home_E) e.Table_E = e.Table_B (e.Home_B Pet Fish e.Home_E) e.Table_E;
}

$FUNC Apply_Rule_None
{
// Member - 2 объекта в одном доме
    Member s.Category1 s.Object1 s.Category2 s.Object2 e.Table_B (e.Home_B s.Category1 '???' e.Home_M s.Category2 '???' e.Home_E) e.Table_E (e.Rest_Table) =
        <Br Rule_Tables '=' <Dg Rule_Tables> (e.Rest_Table e.Table_B (e.Home_B s.Category1 s.Object1 e.Home_M s.Category2 s.Object2 e.Home_E) e.Table_E)>
        <Apply_Rule_None Member s.Category1 s.Object1 s.Category2 s.Object2 e.Table_E (e.Rest_Table e.Table_B (e.Home_B s.Category1 '???' e.Home_M s.Category2 '???' e.Home_E))>;
    Member e._ = ;
// Left - 1 объект в доме слева дома 2 объекта
    Left s.Category1 s.Object1 s.Category2 s.Object2 e.Table_B (e.HomeL_B s.Category1 '???' e.HomeL_E) (e.HomeR_B s.Category2 '???' e.HomeR_E) e.Table_E (e.Rest_Table) =
        <Br Rule_Tables '=' <Dg Rule_Tables> (e.Rest_Table e.Table_B (e.HomeL_B s.Category1 s.Object1 e.HomeL_E) (e.HomeR_B s.Category2 s.Object2 e.HomeR_E) e.Table_E)>
        <Apply_Rule_None Left s.Category1 s.Object1 s.Category2 s.Object2 (e.HomeR_B s.Category2 '???' e.HomeR_E) e.Table_E (e.Rest_Table e.Table_B (e.HomeL_B s.Category1 '???' e.HomeL_E))>;
    e._ = ;
}

$END.
